// Jest Snapshot v1, https://goo.gl/fbAQLP

exports[`renders correctly 1`] = `
Array [
  " ",
  <div
    className="App"
  >
    <div
      className="outer"
    >
      <div
        className="calculator"
      >
        <div
          className="result-display"
        >
          <div>
            0
          </div>
        </div>
        <div
          className="keypad"
        >
          <div
            className="keys"
          >
            <div
              className="clear vh-center"
              onClick={[Function]}
              onTouchCancel={[Function]}
              onTouchEnd={[Function]}
              onTouchMove={[Function]}
              onTouchStart={[Function]}
            >
              clear
            </div>
            <div
              className="numbers"
            >
              <div
                className="key vh-center"
                onClick={[Function]}
                onTouchCancel={[Function]}
                onTouchEnd={[Function]}
                onTouchMove={[Function]}
                onTouchStart={[Function]}
              >
                7
              </div>
              <div
                className="key vh-center"
                onClick={[Function]}
                onTouchCancel={[Function]}
                onTouchEnd={[Function]}
                onTouchMove={[Function]}
                onTouchStart={[Function]}
              >
                8
              </div>
              <div
                className="key vh-center"
                onClick={[Function]}
                onTouchCancel={[Function]}
                onTouchEnd={[Function]}
                onTouchMove={[Function]}
                onTouchStart={[Function]}
              >
                9
              </div>
              <div
                className="key vh-center"
                onClick={[Function]}
                onTouchCancel={[Function]}
                onTouchEnd={[Function]}
                onTouchMove={[Function]}
                onTouchStart={[Function]}
              >
                4
              </div>
              <div
                className="key vh-center"
                onClick={[Function]}
                onTouchCancel={[Function]}
                onTouchEnd={[Function]}
                onTouchMove={[Function]}
                onTouchStart={[Function]}
              >
                5
              </div>
              <div
                className="key vh-center"
                onClick={[Function]}
                onTouchCancel={[Function]}
                onTouchEnd={[Function]}
                onTouchMove={[Function]}
                onTouchStart={[Function]}
              >
                6
              </div>
              <div
                className="key vh-center"
                onClick={[Function]}
                onTouchCancel={[Function]}
                onTouchEnd={[Function]}
                onTouchMove={[Function]}
                onTouchStart={[Function]}
              >
                1
              </div>
              <div
                className="key vh-center"
                onClick={[Function]}
                onTouchCancel={[Function]}
                onTouchEnd={[Function]}
                onTouchMove={[Function]}
                onTouchStart={[Function]}
              >
                2
              </div>
              <div
                className="key vh-center"
                onClick={[Function]}
                onTouchCancel={[Function]}
                onTouchEnd={[Function]}
                onTouchMove={[Function]}
                onTouchStart={[Function]}
              >
                3
              </div>
            </div>
          </div>
          <div
            className="operators"
          >
            <div
              className="operator vh-center"
              onClick={[Function]}
              onTouchCancel={[Function]}
              onTouchEnd={[Function]}
              onTouchMove={[Function]}
              onTouchStart={[Function]}
            >
              รท
            </div>
            <div
              className="operator vh-center"
              onClick={[Function]}
              onTouchCancel={[Function]}
              onTouchEnd={[Function]}
              onTouchMove={[Function]}
              onTouchStart={[Function]}
            >
              -
            </div>
            <div
              className="operator vh-center"
              onClick={[Function]}
              onTouchCancel={[Function]}
              onTouchEnd={[Function]}
              onTouchMove={[Function]}
              onTouchStart={[Function]}
            >
              +
            </div>
            <div
              className="operator vh-center"
              onClick={[Function]}
              onTouchCancel={[Function]}
              onTouchEnd={[Function]}
              onTouchMove={[Function]}
              onTouchStart={[Function]}
            >
              =
            </div>
          </div>
        </div>
      </div>
    </div>
  </div>,
]
`;

exports[`renders without crashing 1`] = `
Array [
  " ",
  <div
    className="App"
  >
    <div
      className="outer"
    >
      <div
        className="calculator"
      >
        <div
          className="result-display"
        >
          <div>
            0
          </div>
        </div>
        <div
          className="keypad"
        >
          <div
            className="keys"
          >
            <div
              className="clear vh-center"
              onClick={[Function]}
              onTouchCancel={[Function]}
              onTouchEnd={[Function]}
              onTouchMove={[Function]}
              onTouchStart={[Function]}
            >
              clear
            </div>
            <div
              className="numbers"
            >
              <div
                className="key vh-center"
                onClick={[Function]}
                onTouchCancel={[Function]}
                onTouchEnd={[Function]}
                onTouchMove={[Function]}
                onTouchStart={[Function]}
              >
                7
              </div>
              <div
                className="key vh-center"
                onClick={[Function]}
                onTouchCancel={[Function]}
                onTouchEnd={[Function]}
                onTouchMove={[Function]}
                onTouchStart={[Function]}
              >
                8
              </div>
              <div
                className="key vh-center"
                onClick={[Function]}
                onTouchCancel={[Function]}
                onTouchEnd={[Function]}
                onTouchMove={[Function]}
                onTouchStart={[Function]}
              >
                9
              </div>
              <div
                className="key vh-center"
                onClick={[Function]}
                onTouchCancel={[Function]}
                onTouchEnd={[Function]}
                onTouchMove={[Function]}
                onTouchStart={[Function]}
              >
                4
              </div>
              <div
                className="key vh-center"
                onClick={[Function]}
                onTouchCancel={[Function]}
                onTouchEnd={[Function]}
                onTouchMove={[Function]}
                onTouchStart={[Function]}
              >
                5
              </div>
              <div
                className="key vh-center"
                onClick={[Function]}
                onTouchCancel={[Function]}
                onTouchEnd={[Function]}
                onTouchMove={[Function]}
                onTouchStart={[Function]}
              >
                6
              </div>
              <div
                className="key vh-center"
                onClick={[Function]}
                onTouchCancel={[Function]}
                onTouchEnd={[Function]}
                onTouchMove={[Function]}
                onTouchStart={[Function]}
              >
                1
              </div>
              <div
                className="key vh-center"
                onClick={[Function]}
                onTouchCancel={[Function]}
                onTouchEnd={[Function]}
                onTouchMove={[Function]}
                onTouchStart={[Function]}
              >
                2
              </div>
              <div
                className="key vh-center"
                onClick={[Function]}
                onTouchCancel={[Function]}
                onTouchEnd={[Function]}
                onTouchMove={[Function]}
                onTouchStart={[Function]}
              >
                3
              </div>
            </div>
          </div>
          <div
            className="operators"
          >
            <div
              className="operator vh-center"
              onClick={[Function]}
              onTouchCancel={[Function]}
              onTouchEnd={[Function]}
              onTouchMove={[Function]}
              onTouchStart={[Function]}
            >
              รท
            </div>
            <div
              className="operator vh-center"
              onClick={[Function]}
              onTouchCancel={[Function]}
              onTouchEnd={[Function]}
              onTouchMove={[Function]}
              onTouchStart={[Function]}
            >
              -
            </div>
            <div
              className="operator vh-center"
              onClick={[Function]}
              onTouchCancel={[Function]}
              onTouchEnd={[Function]}
              onTouchMove={[Function]}
              onTouchStart={[Function]}
            >
              +
            </div>
            <div
              className="operator vh-center"
              onClick={[Function]}
              onTouchCancel={[Function]}
              onTouchEnd={[Function]}
              onTouchMove={[Function]}
              onTouchStart={[Function]}
            >
              =
            </div>
          </div>
        </div>
      </div>
    </div>
  </div>,
]
`;
